#-----------------------------------------------------------
# Vivado v2020.2 (64-bit)
# SW Build 3064766 on Wed Nov 18 09:12:47 MST 2020
# IP Build 3064653 on Wed Nov 18 14:17:31 MST 2020
# Start of session at: Tue Jun 22 21:14:30 2021
# Process ID: 3346
# Current directory: /home/alexanderlake/Desktop/FlappyBird
# Command line: vivado /home/alexanderlake/Desktop/FlappyBird/FlappyBird.xpr
# Log file: /home/alexanderlake/Desktop/FlappyBird/vivado.log
# Journal file: /home/alexanderlake/Desktop/FlappyBird/vivado.jou
#-----------------------------------------------------------
start_gui
open_project /home/alexanderlake/Desktop/FlappyBird/FlappyBird.xpr
update_compile_order -fileset sources_1
update_compile_order -fileset sources_1
update_compile_order -fileset sources_1
close [ open /home/alexanderlake/Desktop/FlappyBird/FlappyBird.srcs/sources_1/new/Profile.v w ]
add_files /home/alexanderlake/Desktop/FlappyBird/FlappyBird.srcs/sources_1/new/Profile.v
update_compile_order -fileset sources_1
update_compile_order -fileset sources_1
update_compile_order -fileset sources_1
update_compile_order -fileset sources_1
update_compile_order -fileset sources_1
reset_run synth_1
launch_runs impl_1 -to_step write_bitstream -jobs 8
wait_on_run impl_1
reset_run synth_1
launch_runs impl_1 -to_step write_bitstream -jobs 8
wait_on_run impl_1
open_hw_manager
connect_hw_server -allow_non_jtag
disconnect_hw_server localhost:3121
connect_hw_server -allow_non_jtag
disconnect_hw_server localhost:3121
connect_hw_server -allow_non_jtag
disconnect_hw_server localhost:3121
connect_hw_server -allow_non_jtag
